// Jest Snapshot v1, https://goo.gl/fbAQLP

exports[`<SigInButton /> should match snapshot 1`] = `
.c0 {
  height: 2.5rem;
  border-radius: 3rem;
  cursor: pointer;
  padding: 0 1.5rem;
  margin-left: auto;
  color: #fff;
  background-color: transparent;
  font-weight: bold;
  display: -webkit-box;
  display: -webkit-flex;
  display: -ms-flexbox;
  display: flex;
  -webkit-align-items: center;
  -webkit-box-align: center;
  -ms-flex-align: center;
  align-items: center;
  -webkit-box-pack: center;
  -webkit-justify-content: center;
  -ms-flex-pack: center;
  justify-content: center;
  -webkit-transition: ease-in-out 0.3s;
  transition: ease-in-out 0.3s;
}

.c0 img {
  width: 45px;
  height: 45px;
  margin-right: 1.2rem;
}

.c0 svg {
  width: 30px;
  height: 30px;
}

.c0 svg:first-child {
  margin-right: 1rem;
}

.c0 svg.logoutIcon {
  margin-left: 1.2rem;
}

.c0:hover {
  opacity: 0.8;
}

<button
  class="c0"
  type="button"
>
  <img
    alt="Photo do usário logado"
    src="/images/person-exemple.png"
  />
  Olá Harry
  <svg
    class="logoutIcon"
    color="#737380"
    fill="none"
    height="1em"
    stroke="currentColor"
    stroke-linecap="round"
    stroke-linejoin="round"
    stroke-width="2"
    style="color: rgb(115, 115, 128);"
    viewBox="0 0 24 24"
    width="1em"
    xmlns="http://www.w3.org/2000/svg"
  >
    <path
      d="M9 21H5a2 2 0 0 1-2-2V5a2 2 0 0 1 2-2h4"
    />
    <polyline
      points="16 17 21 12 16 7"
    />
    <line
      x1="21"
      x2="9"
      y1="12"
      y2="12"
    />
  </svg>
</button>
`;
