// Jest Snapshot v1, https://goo.gl/fbAQLP

exports[`<EditTaskWarn /> shoul match snapshot 1`] = `
.c0 {
  display: -webkit-box;
  display: -webkit-flex;
  display: -ms-flexbox;
  display: flex;
  -webkit-align-items: center;
  -webkit-box-align: center;
  -ms-flex-align: center;
  align-items: center;
  -webkit-flex-direction: row;
  -ms-flex-direction: row;
  flex-direction: row;
  margin-bottom: 2rem;
  -webkit-transition: ease-in-out 0.3s;
  transition: ease-in-out 0.3s;
}

.c1 {
  border: none;
  cursor: pointer;
  padding: 0.75rem;
  margin-left: 8px;
  margin-right: 12px;
  background-color: transparent;
}

.c2 {
  color: #ffb800;
  font-size: 1.5rem;
}

<div
  class="c0"
>
  <button
    class="c1"
  >
    <svg
      color="#FF3636"
      fill="none"
      height="30"
      stroke="currentColor"
      stroke-linecap="round"
      stroke-linejoin="round"
      stroke-width="2"
      style="color: rgb(255, 54, 54);"
      viewBox="0 0 24 24"
      width="30"
      xmlns="http://www.w3.org/2000/svg"
    >
      <line
        x1="18"
        x2="6"
        y1="6"
        y2="18"
      />
      <line
        x1="6"
        x2="18"
        y1="6"
        y2="18"
      />
    </svg>
  </button>
  <span
    class="c2"
  >
    Você está editando uma tarefa!
  </span>
</div>
`;
