// Jest Snapshot v1, https://goo.gl/fbAQLP

exports[`<Form /> should match snapshot 1`] = `
.c0 {
  display: -webkit-box;
  display: -webkit-flex;
  display: -ms-flexbox;
  display: flex;
  -webkit-align-items: center;
  -webkit-box-align: center;
  -ms-flex-align: center;
  align-items: center;
  -webkit-box-pack: center;
  -webkit-justify-content: center;
  -ms-flex-pack: center;
  justify-content: center;
}

.c1 {
  width: 90%;
  height: 50px;
  padding: 8px 16px;
  border-radius: 6px;
  border: 1px solid #424242;
  color: #fff;
  background-color: #20212c;
}

.c2 {
  width: 8%;
  height: 50px;
  cursor: pointer;
  border-radius: 6px;
  margin-left: 16px;
  background-color: #ffb800;
  -webkit-transition: ease-in-out 0.3s;
  transition: ease-in-out 0.3s;
}

.c2:hover {
  -webkit-transform: scale(1.05);
  -ms-transform: scale(1.05);
  transform: scale(1.05);
}

<form
  class="c0"
>
  <input
    class="c1"
    placeholder="Digite sua tarefa"
    type="text"
    value=""
  />
  <button
    class="c2"
    data-testid="buttonSubmit"
    type="submit"
  >
    <svg
      color="#17181f"
      fill="none"
      height="25"
      stroke="currentColor"
      stroke-linecap="round"
      stroke-linejoin="round"
      stroke-width="2"
      style="color: rgb(23, 24, 31);"
      viewBox="0 0 24 24"
      width="25"
      xmlns="http://www.w3.org/2000/svg"
    >
      <line
        x1="12"
        x2="12"
        y1="5"
        y2="19"
      />
      <line
        x1="5"
        x2="19"
        y1="12"
        y2="12"
      />
    </svg>
  </button>
</form>
`;
